[cmcmtech.com/index.html]
[cmcmtech.com/images/favicon-icon.png]
[backblue.gif]
[fade.gif]
[index.html]
[cmcmtech.com/css/royal_preloader.css]
[cdnjs.cloudflare.com/ajax/libs/jquery/3.1.0/jquery.min.js]
[cmcmtech.com/js/parallax.min.js]
[code.iconify.design/2/2.1.2/iconify.min.js]
[cdnjs.cloudflare.com/ajax/libs/slick-carousel/1.6.0/slick.js]
[cmcmtech.com/js/royal_preloader.min.js]
[cmcmtech.com/css/bootstrap.min.css]
[cmcmtech.com/css/ionicons.min.css]
[cmcmtech.com/css/pe-icon-7-stroke.css]
[cmcmtech.com/css/magnific-popup.css]
[cmcmtech.com/css/logoiconfont.css]
[cmcmtech.com/css/style.css]
[cmcmtech.com/css/style-switcher.css]
[cmcmtech.com/css/colors/blue.css]
[cmcmtech.com/css/colors/green.css]
[cmcmtech.com/css/colors/orange.css]
[cmcmtech.com/css/colors/red.css]
[cmcmtech.com/css/colors/orangelight.css]
[cmcmtech.com/css/colors/pinkish.css]
[cmcmtech.com/css/colors/seagul.css]
[cmcmtech.com/css/base-light.css]
[cmcmtech.com/images/orange.png]
[cmcmtech.com/images/placeholder/1.png]
[cmcmtech.com/images/placeholder/2.png]
[cmcmtech.com/images/placeholder/3.png]
[cmcmtech.com/images/placeholder/4.png]
[cmcmtech.com/images/placeholder/5.png]
[cmcmtech.com/images/placeholder/6.png]
[cmcmtech.com/images/slider1.jpg]
[cmcmtech.com/images/work/portfolio-img-9.jpg]
[cmcmtech.com/images/work/portfolio-img-2.png]
[cmcmtech.com/images/work/portfolio-img-3.png]
[cmcmtech.com/images/work/portfolio-img-4.png]
[cmcmtech.com/images/work/portfolio-img-5.png]
[cmcmtech.com/images/work/portfolio-img-6.png]
[cmcmtech.com/images/work/portfolio-img-7.png]
[cmcmtech.com/images/work/portfolio-img-8.jpg]
[cmcmtech.com/images/work/portfolio-img-1.png]
[cmcmtech.com/images/team2.png]
[cmcmtech.com/images/team1.png]
[cmcmtech.com/images/team4.png]
[cmcmtech.com/images/team3.png]
[cmcmtech.com/images/logo-main-1.png]
[cmcmtech.com/images/logo-main-2.png]
[cmcmtech.com/images/logo-main-3.png]
[cmcmtech.com/images/logo-main-4.png]
[cmcmtech.com/images/logo-main-5.png]
[cmcmtech.com/images/logo-main-6.png]
[cmcmtech.com/images/logo-main-7.png]
[cmcmtech.com/images/logo-main-8.png]
[cmcmtech.com/images/logo-main-9.png]
[cmcmtech.com/js/bootstrap.min.js]
[cmcmtech.com/js/particles.min.js]
[cmcmtech.com/js/particlesRun.js]
[cmcmtech.com/js/jquery.mixitup.js]
[cmcmtech.com/js/form-validator.min.js]
[cmcmtech.com/js/jquery.inview.min.js]
[cmcmtech.com/js/jquery.countTo.js]
[cmcmtech.com/js/jquery.magnific-popup.min.js]
[cmcmtech.com/js/scrollreveal.min.js]
[cmcmtech.com/js/style-switcher.js]
[cmcmtech.com/index.html]
[cmcmtech.com/css/royal_preloader.css]
[cmcmtech.com/js/main.js]
[cmcmtech.com/fonts/glyphicons-halflings-regular.eot]
[cmcmtech.com/fonts/glyphicons-halflings-regulard41d.eot]
[cmcmtech.com/fonts/glyphicons-halflings-regular.woff2]
[cmcmtech.com/fonts/glyphicons-halflings-regular.woff]
[cmcmtech.com/fonts/glyphicons-halflings-regular.ttf]
[cmcmtech.com/css/bootstrap.min.css]
[cmcmtech.com/fonts/ionicons28b5.eot]
[cmcmtech.com/fonts/ionicons28b5.ttf]
[cmcmtech.com/fonts/ionicons28b5.woff]
[cmcmtech.com/css/ionicons.min.css]
[cmcmtech.com/fonts/Pe-icon-7-strokebb1d.eot]
[cmcmtech.com/fonts/Pe-icon-7-stroked41d.eot]
[cmcmtech.com/fonts/Pe-icon-7-strokebb1d.woff]
[cmcmtech.com/fonts/Pe-icon-7-strokebb1d.ttf]
[cmcmtech.com/css/pe-icon-7-stroke.css]
[cmcmtech.com/css/magnific-popup.css]
[cmcmtech.com/css/logoiconfont.css]
[cmcmtech.com/images/arrow-bg-hover.png]
[cmcmtech.com/css/style.css]
[cmcmtech.com/css/style-switcher.css]
[cmcmtech.com/css/colors/blue.css]
[cmcmtech.com/css/colors/green.css]
[cmcmtech.com/css/colors/orange.css]
[cmcmtech.com/css/colors/red.css]
[cmcmtech.com/css/colors/orangelight.css]
[cmcmtech.com/css/colors/pinkish.css]
[cmcmtech.com/css/colors/seagul.css]
[cmcmtech.com/css/base-light.css]
[cmcmtech.com/fonts/glyphicons-halflings-regular.svg]
[cmcmtech.com/fonts/ionicons28b5.svg]
[cmcmtech.com/fonts/Pe-icon-7-strokebb1d.svg]
